<html>
<body>
<pre>
<h1>µVision Build Log</h1>
<h2>Tool Versions:</h2>
IDE-Version: ¦ÌVision V5.29.0.0
Copyright (C) 2019 ARM Ltd and ARM Germany GmbH. All rights reserved.
License Information:  ,  , LIC=IK1BF-6SHLX-561Q2-9M8CL-VGY9X-8P7U2
 
Tool Versions:
Toolchain:       MDK-ARM Plus  Version: 5.29.0.0
Toolchain Path:  C:\Keil_v5\ARM\ARMCC\Bin
C Compiler:      Armcc.exe V5.06 update 6 (build 750)
Assembler:       Armasm.exe V5.06 update 6 (build 750)
Linker/Locator:  ArmLink.exe V5.06 update 6 (build 750)
Library Manager: ArmAr.exe V5.06 update 6 (build 750)
Hex Converter:   FromElf.exe V5.06 update 6 (build 750)
CPU DLL:         SARMCM3.DLL V5.29.0.0
Dialog DLL:      DARMSTM.DLL V1.68.0.0
Target DLL:      CMSIS_AGDI.dll V1.32.0.0
Dialog DLL:      TARMSTM.DLL V1.66.0.0
 
<h2>Project:</h2>
D:\NEW-PROJ\RC2020\Boards\HCRT-DapLink\CMSIS-DAP V2.0\STM32\CMSIS_DAP.uvproj
Project File Date:  04/25/2020

<h2>Output:</h2>
*** Using Compiler 'V5.06 update 6 (build 750)', folder: 'C:\Keil_v5\ARM\ARMCC\Bin'
Rebuild target 'CMSIS-DAP'
assembling startup_stm32f10x_md.s...
compiling usb_config.c...
compiling system_stm32f10x.c...
system_stm32f10x.c(102): warning:  #1215-D: #warning directive: "Use STM32F103Cx (72 MHz)"
  		#warning "Use STM32F103Cx (72 MHz)"
system_stm32f10x.c: 1 warning, 0 errors
compiling usbd_user_cdc_acm.c...
compiling usbd_STM32F103.c...
compiling CMSIS-DAP.c...
compiling UserApp.c...
compiling stm32f10x_gpio.c...
compiling usbd_user_hid.c...
compiling stm32f10x_rcc.c...
compiling misc.c...
compiling stm32f10x_usart.c...
compiling stm32f10x_flash.c...
linking...
Program Size: Code=23760 RO-data=872 RW-data=288 ZI-data=11180  
FromELF: creating hex file...
".\CMSIS-DAP\CMSIS_DAP.axf" - 0 Error(s), 1 Warning(s).
Build Time Elapsed:  00:00:03
</pre>
</body>
</html>
