<html>
<body>
<pre>
<h1>µVision Build Log</h1>
<h2>Tool Versions:</h2>
IDE-Version: ¦ÌVision V5.29.0.0
Copyright (C) 2019 ARM Ltd and ARM Germany GmbH. All rights reserved.
License Information:  ,  , LIC=IK1BF-6SHLX-561Q2-9M8CL-VGY9X-8P7U2
 
Tool Versions:
Toolchain:       MDK-ARM Plus  Version: 5.29.0.0
Toolchain Path:  C:\Keil_v5\ARM\ARMCC\Bin
C Compiler:      Armcc.exe V5.06 update 6 (build 750)
Assembler:       Armasm.exe V5.06 update 6 (build 750)
Linker/Locator:  ArmLink.exe V5.06 update 6 (build 750)
Library Manager: ArmAr.exe V5.06 update 6 (build 750)
Hex Converter:   FromElf.exe V5.06 update 6 (build 750)
CPU DLL:         SARMCM3.DLL V5.29.0.0
Dialog DLL:      DARMSTM.DLL V1.68.0.0
Target DLL:      STLink\ST-LINKIII-KEIL_SWO.dll V3.0.7.0
Dialog DLL:      TARMSTM.DLL V1.66.0.0
 
<h2>Project:</h2>
C:\Users\yu-xps\Documents\GitHub\CMSIS-DAP-Mini\CMSIS-DAP ¹Ì¼þ\STM32\CMSIS_DAP.uvproj
Project File Date:  09/06/2020

<h2>Output:</h2>
*** Using Compiler 'V5.06 update 6 (build 750)', folder: 'C:\Keil_v5\ARM\ARMCC\Bin'
Build target 'CMSIS-DAP'
compiling usb_config.c...
compiling usbd_user_cdc_acm.c...
compiling usbd_user_hid.c...
compiling usbd_STM32F103.c...
compiling CMSIS-DAP.c...
linking...
Program Size: Code=23760 RO-data=876 RW-data=288 ZI-data=11180  
FromELF: creating hex file...
".\CMSIS-DAP\CMSIS_DAP.axf" - 0 Error(s), 0 Warning(s).
Build Time Elapsed:  00:00:03
</pre>
</body>
</html>
